// Jest Snapshot v1, https://goo.gl/fbAQLP

exports[`App tests renders without crashing 1`] = `
<div>
  <nav
    class="navbar navbar-expand navbar-dark bg-dark"
  >
    <div
      class="container"
    >
      <span
        class="navbar-brand"
      >
        Full Stack Challange
      </span>
    </div>
  </nav>
  <div
    class="mt-4 px-5"
  >
    <select
      aria-label="selec file"
      class="form-select"
    >
      <option
        value="All"
      >
        All
      </option>
    </select>
    <div
      class="mt-3"
    />
  </div>
  <div
    style="display: flex; text-align: center; align-items: center; justify-content: center; width: 100%; height: 80vh;"
  >
    <div
      class="spinner-grow"
    />
  </div>
</div>
`;
